
Auditoria v6 — es/curso.html   (celular 390px, 3 temas)
1ª visita: trilha 2 controles · aula 3 controles

Aula 1: 10/10 APROVADA  · 276 palavras de prosa · 3 steps · frases >22: 0/27 · visuais reais 2 · cena 109 KB · 15 min

Aula 2: 10/10 APROVADA  · 277 palavras de prosa · 3 steps · frases >22: 0/28 · visuais reais 2 · cena 92 KB · 15 min

Aula 3: 10/10 APROVADA  · 260 palavras de prosa · 3 steps · frases >22: 0/25 · visuais reais 2 · cena 101 KB · 15 min

Aula 4: 10/10 APROVADA  · 292 palavras de prosa · 3 steps · frases >22: 0/25 · visuais reais 2 · cena 119 KB · 15 min

Aula 5: 10/10 APROVADA  · 281 palavras de prosa · 3 steps · frases >22: 0/25 · visuais reais 2 · cena 105 KB · 15 min

Aula 6: 10/10 APROVADA  · 316 palavras de prosa · 3 steps · frases >22: 0/25 · visuais reais 2 · cena 107 KB · 15 min

Aula 7: 10/10 APROVADA  · 277 palavras de prosa · 3 steps · frases >22: 0/26 · visuais reais 2 · cena 124 KB · 15 min

Aula 8: 10/10 APROVADA  · 264 palavras de prosa · 3 steps · frases >22: 0/27 · visuais reais 2 · cena 113 KB · 15 min

Aula 9: 10/10 APROVADA  · 272 palavras de prosa · 3 steps · frases >22: 0/25 · visuais reais 2 · cena 99 KB · 15 min

Aula 10: 10/10 APROVADA  · 280 palavras de prosa · 3 steps · frases >22: 0/24 · visuais reais 2 · cena 96 KB · 15 min

Aula 11: 10/10 APROVADA  · 295 palavras de prosa · 3 steps · frases >22: 1/25 · visuais reais 2 · cena 105 KB · 15 min

Aula 12: 10/10 APROVADA  · 255 palavras de prosa · 3 steps · frases >22: 0/23 · visuais reais 2 · cena 113 KB · 15 min

Aula 13: 10/10 APROVADA  · 271 palavras de prosa · 3 steps · frases >22: 0/28 · visuais reais 2 · cena 92 KB · 15 min

Aula 14: 10/10 APROVADA  · 286 palavras de prosa · 3 steps · frases >22: 0/28 · visuais reais 2 · cena 107 KB · 15 min

Aula 15: 10/10 APROVADA  · 283 palavras de prosa · 3 steps · frases >22: 0/26 · visuais reais 2 · cena 110 KB · 15 min

Aula 16: 10/10 APROVADA  · 281 palavras de prosa · 3 steps · frases >22: 0/26 · visuais reais 2 · cena 89 KB · 15 min

Aula 17: 10/10 APROVADA  · 252 palavras de prosa · 3 steps · frases >22: 0/25 · visuais reais 2 · cena 107 KB · 15 min

Aula 18: 10/10 APROVADA  · 246 palavras de prosa · 3 steps · frases >22: 0/25 · visuais reais 2 · cena 106 KB · 15 min

Aula 19: 10/10 APROVADA  · 269 palavras de prosa · 3 steps · frases >22: 0/27 · visuais reais 2 · cena 107 KB · 15 min

Aula 20: 10/10 APROVADA  · 276 palavras de prosa · 3 steps · frases >22: 0/26 · visuais reais 2 · cena 96 KB · 15 min

Aula 21: 10/10 APROVADA  · 291 palavras de prosa · 3 steps · frases >22: 0/27 · visuais reais 2 · cena 93 KB · 15 min

Aula 22: 10/10 APROVADA  · 259 palavras de prosa · 3 steps · frases >22: 0/26 · visuais reais 2 · cena 106 KB · 15 min

Aula 23: 10/10 APROVADA  · 271 palavras de prosa · 3 steps · frases >22: 0/28 · visuais reais 2 · cena 107 KB · 15 min

Aula 24: 10/10 APROVADA  · 279 palavras de prosa · 3 steps · frases >22: 0/26 · visuais reais 2 · cena 93 KB · 15 min

Média: 10.0/10 · aprovadas 24/24
Lembrete: o critério 1 é proxy — confirme com o leitor simulado (TESTE-HUMANO.md) antes de dar a aula por aprovada.
